0.2.9
0rz.tw
0to255.com
105_30.php
11.com
12bet.com
12vpn.com
141hongkong.com
173ng.com
17e.org
1984bbs.com
1984bbs.org
1984blog.com
199.59.148.20
1bao.org
1free.ws
1pondo.tv
20.net
2000fun.com
2008xianzhang.info
213.251.145.96
21code.com
247.com
2shared.com
301works.org
308578.html
315lz.com
365singles.com.ar
36rain.com
3b8.cc
3lunch.net
4.gp
4.net
4bluestones.biz
4pppc.gov.tw
4shared.com
4sq.com
5i01.com
5maodang.com
64.org
64tianwang.com
666kb.com
67.220.91.18
67.220.91.23
6park.com
72.52.81.22
7capture.com
8000.com
881903.com
888.com
9001700.com
921.gov.tw
92ccav.com
98.to
9999cn.com
99bbs.com
9bis.com
9bis.net
9city.me
ArtShow.aspx
Google.other
a5.com.ru
abc.pp.ru
abelhadigital.com
abitno.linpie.com
aboluowang.com
aboutgfw.com
aboutus.org
ac.jiruan.net
acgkj.com
aculo.us
addictedtocoffee.de
adult168.com
adultfriendfinder.com
advanscene.com
advertfan.com
aec.gov.tw
aenhancers.com
aftygh.gov.tw
aide.gov.tw
airodump.net
aisex.com
ait.org.tw
aiweiweiblog.com
aiyori.org
ajaxplorer.info
akiba.com
akiraclub.com
alabout.com
aladding.com
alasbarricadas.org
album.udn.com
alexlur.org
algorithms.com
alkasir.com
allaboutalpha.com
alliance.org.hk
allinfa.com
allinfo.com
allonlinux.free.fr
alwaysdata.com
alwaysdata.net
ameblo.jp
americangreencard.com
amiblockedornot.com
amnesty.org
amnestyusa.org
amoiist.com
amzs.me
anchorfree.com
andfaraway.net
android.wordpress.org
anime.info
anobii.com
anonymizer.com
anthonycalzadilla.com
anti.anti.cnn.googlepages.com
antidrm.hpg.ig.com.br
antiwave.net
aolchannels.aol.com
api.linksalpha.com
api.proxlet.com
api.supertweet.net
apidocs.linksalpha.com
apigee.com
app.diu.li
app.heywire.com
app.hkatvnews.com
appbrain.com
apple.com.tw
appledaily.com.tw
apps.hloli.net
appspot.com
ar.ch
archive.com
archive.org
archlinux.fr
arctosia.com
art.net
art.twgg.org
arte.gov.tw
artists.com
asdfg.jp
asiademo.org
asiaharvest.org
asianews.it
asianwomensfilm.de
askstudent.com
askynz.net
assets.tumblr.com
astonmartinnews.com
async.com
atchinese.com
atj.org.tw
atlaspost.com
atnext.com
aurorasoftworks.com
automattic.com
av.com
avidemux.org
avoision.com
avwikipedia.com
awardwinningfjords.com
axureformac.com
backchina.com
backpackers.com.tw
backup.org
badassjs.com
badimon.com
badoo.com
baidu.jp
bak.gun
bao.li
barnabu.co.uk
basetimesheightdividedby2.com
bb.ttv.com.tw
bbc.co.uk
bbc.in
bbcchinese.com
bbg.gov
bbs.1tor.com
bbs.51.ca
bbs.allhabit.com
bbs.ecstart.com
bbs.kimy.com.tw
bbs.morbell.com
bbs.mychat.to
bbs.newsgroup.la
bbs.nsysu.edu.tw
bbs.ozchinese.com
bbs.qmzdd.com
bbs.sina.com
bbs.skykiwi.com
bbs.tuitui.info
bbs2.newsgroup.la
bbsfeed.com
bbsland.com
bcc.com.tw
bcchinese.net
bd.zhe.la
bdhr.gov.tw
bebo.com
beijing1989.com
beijingspring.com
belli.com
benjaminste.in
berlintwitterwall.com
bestforchina.org
bet365.com
beta.iset.com.tw
beta.usejump.com
betfair.com
bettween.com
bfnn.org
bfsh.hk
bhorowitz.com
bignews.org
bigsound.org
bill.zhong.pp.ru
billywr.com
bitshare.com
bitsnoop.com
bjzc.org
bkite.com
blackra1n.com
blinkx.com
blip.tv
blockcn.com
blog.51.ca
blog.aegisub.org
blog.aiweiwei.com
blog.athico.com
blog.birdhouseapp.com
blog.bitly.com
blog.bittorrent.com
blog.boxcar.io
blog.chinatimes.com
blog.chromium.org
blog.controlspace.org
blog.dabr.co.uk
blog.danmarner.com
blog.davidziegler.net
blog.dayoneapp.com
blog.doughellmann.com
blog.drakengren.com
blog.dribbble.com
blog.exblog.co.jp
blog.expofutures.com
blog.fdcn.org
blog.feedly.com
blog.fizzik.com
blog.foolsmountain.com
blog.gatein.org
blog.go2web20.net
blog.golang.org
blog.google.org
blog.gowalla.com
blog.growlforwindows.com
blog.headius.com
blog.hotot.org
blog.hotpotato.com
blog.humanrightsfirst.org
blog.ifttt.com
blog.instagram.com
blog.instapaper.com
blog.iphone
blog.istef.info
blog.jackjia.com
blog.jangmt.com
blog.jayfields.com
blog.joeyrobert.org
blog.joint.net
blog.jsquaredjavascript.com
blog.jtbworld.com
blog.kangye.org
blog.kengao.tw
blog.kickstarter.com
blog.kl.am
blog.klip.me
blog.kowalczyk.info
blog.lastpass.com
blog.lester850.info
blog.lidaobing.info
blog.lightbox.com
blog.linkedin.com
blog.liukangxu.info
blog.louisgray.com
blog.metasploit.com
blog.mongodb.org
blog.netflix.com
blog.nicovideo
blog.nihilogic.dk
blog.notdot.net
blog.nownews.com
blog.obvious.com
blog.openinkpot.org
blog.palm.com
blog.path.com
blog.pathtosharepoint.com
blog.pchome.com.tw
blog.pentalogic.net
blog.persistent.info
blog.pikchur.com
blog.pilotmoon.com
blog.pixelpipe.com
blog.polldaddy.com
blog.qooza.hk
blog.reddit.com
blog.redren.com
blog.renanse.com
blog.rockmelt.com
blog.romanandreg.com
blog.s135.com
blog.seeminglee.com
blog.seesmic.com
blog.sflow.com
blog.sigfpe.com
blog.sina.com.tw
blog.sogoo.org
blog.sparrowmailapp.com
blog.sufeng.org
blog.summify.com
blog.symbian.org
blog.syx86.cn
blog.syx86.com
blog.taragana.com
blog.tatoeba.org
blog.thesilentnumber.me
blog.thinglabs.com
blog.think
blog.tiney.com
blog.tinypic.com
blog.topify.com
blog.tsunanet.net
blog.typekit.com
blog.udn.com
blog.umonkey.net
blog.usa.gov
blog.visibotech.com
blog.wakoopa.com
blog.webmproject.org
blog.wundercounter.com
blog.xuite.net
blog.yam.com
blog.youthwant.com.tw
blog.youxu.info
blogcatalog.com
blogearth.org
blogger.com
blogimg.jp
bloglines.com
blogmaverick.com
blogs.cnn.com
blogs.icerocket.com
blogs.myspace.com
blogs.tampabay.com
blogs.yahoo.co.jp
blogspot.com
blogtd.net
blogtd.org
bloodshed.net
bloomberg.cn
bloomberg.com
bloomfortune.com
bnrmetal.com
boardreader.com
bobulate.com
bodhilinux.com
bolin.netfirms.com
boltbrowser.com
bonjourlesgeeks.com
bookmark.udn.com
books.com.tw
bookshelfporn.com
bot.nu
bowenpress.com
boxun.com
boxun.tv
boxunblog.com
br.st
bralio.com
brandonhutchinson.com
break.com
breakingnewsworld.org
breakingtweets.com
briefdream.com
brightkite.com
brizzly.com
brucewang.net
bt95.com
budaedu.org
bugbeep.com
bugclub.org
bullog.org
bullog4cn.appspot.com
bullogger.com
businesstimes.com.cn
businessweek.com
button.mmdays.com
buugaa.com
buy.yahoo.com.tw
buzzcantweet.com
buzzurl.jp
c1522.mooo.com
cafepress.com
caiting666.wordpress.com
calameo.com
calebelston.com
camera.chinatimes.com
canadameet.com
canyu.org
cao.im
caobian.info
caochangqing.com
carry.com
cat.net
catholic.org.hk
cbs.ntu.edu.tw
cc.gov.tw
cc9007.spaces.live.com
ccc.de
ccdtr.org
cclife.org
ccthere.com
cctongbao.com
cdjp.org
cdnews.com.tw
cdp.sinica.edu.tw
cdp1998.org
cdpweb.org
cdpwu.org
cecc.gov
cellulo.info
cenci.tk
cenews.eu
centurys.net
cert.nat.gov.tw
ch.shvoong.com
chandoo.org
change.org
changp.com
chaos.e
chart.com
chccc.gov.tw
chengmingmag.com
chenyehao.spaces.live.com
cherrysave.com
chevronwp7.com
china.ArticleList.ArticleList
china.blogs.time.com
china.org
china.php
china101.com
china21.org
chinaaffairs.org
chinaaid.net
chinachannel.hk
chinacomments.org
chinadigitaltimes.net
chinaeweekly.com
chinafreepress.org
chinagfw.org
chinagreenparty.org
chinainperspective.com
chinainperspective.net
chinainperspective.org
chinainterimgov.org
chinamule.com
chinasocialdemocraticparty.com
chinasoul.org
chinatweeps.com
chinaway.org
chinaworker.info
chinaxchina.com
chinayuanmin.org
chinese.engadget.com
chinese.org
chinese.soifind.com
chinese.wsj.com
chinesen.de
chinesenewsnet.com
chinesepen.org
chinesetalks.net
chingcheong.com
chn.chosun.com
chnshot.appspot.com
chrispederick.com
chrispederick.net
christianstudy.com
christusrex.org
chrome.angrybirds.com
chrome.plantsvszombies.com
chromeexperiments.com
chuizi.net
chukuang.gov.tw
citizenlab.org
city.udn.com
city9x.com
civicparty.hk
civilhrfront.org
ck101.com
cl.d0z.net
cl.ly
classicalguitarblog.net
clemesha.org
clientsfromhell.net
cmule.com
cn.calameo.com
cn.dayabook.com
cn.news.cnyes.com
cn.streetvoice.com
cn.voa.mobi
cn.wordpress.com
cn2.streetvoice.com
cna.com.tw
cnavista.com.tw
cnd.org
cnn.com
cochina.org
cocoa.zonble.net
cocoawithlove.com
code.google.com
code1984.com
codeboxapp.com
codereview.chromium.org
collateralmurder.com
collateralmurder.org
collins.com
comefromchina.com
comnews.gio.gov.tw
connect.facebook.net
conoyo.com
contests.twilio.com
cookingtothegoodlife.com
coolaler.com
coolder.com
coolloud.org.tw
corumcollege.com
cotweet.com
couchdbwiki.com
coveringweb.com
cpj.org
crackle.com
creaders.net
cromotc.nat.gov.tw
crossthewall.net
css.pixnet.in
csuchen.de
cubicle17.com
cuhkacs.org
cuihua.org
cuiweiping.net
curvefish.com
cwb.gov.tw
cyberghost.natado.com
cycab.gov.tw
cydia.ifuckgfw.com
cynscribe.com
cytode.us
dabr.co.uk
dabr.mobi
dadazim.com
dadi360.com
dailidaili.com
dailymotion.com
dailynews.sina.com
dailytodo.org
dajiyuan.com
dajusha.baywords.com
dalailama.com
dalailamaworld.com
dalianmeng.org
danke4china.net
danwei.org
daolan.net
data.clementine
data.tumblr.com
davidslog.com
daxa.cn
day.com
dayaarmongol.ning.com
daylife.com
deck.ly
default.secureserver.net
delcamp.net
delicious.com
demo.opera
democrats.org
derekhsu.homeip.net
desc.se
designerol.com
destiny.xfiles.to
dev.chromium.org
dev.org
dev102.com
developers.box.net
devio.us
df.gov.tw
diaoyuislands.org
digitalnomadsproject.org
dignews.udn.com
diigo.com
dimitrik.free.fr
discuss.com
discuss.com.hk
disp.cc
dizhidizhi.com
dl.box.net
dlsite.com
dmtip.gov.tw
docDetail.jsp
docs.blacktree.com
docs.google.com
docs.latexlab.org
docstoc.com
dojin.com
dolc.de
domain.club.tw
domain.com
domainhelp.search.com
dongde.com
dongtaiwang.com
dongtaiwang.net
dongyangjing.com
dontfilter.us
dontmovetochina.com
dotheyfolloweachother.com
dotplane.com
doubleaf.com
dougscripts.com
dowei.org
downforeveryoneorjustme.com
download.html
download.syniumsoftware.com
doxygen.org
dphk.org
dpp.org.tw
drewolanoff.com
drive.google.com
droidsecurity.com
dropbox.com
dtiblog.com
dtiserv2.com
duckload.com
duckmylife.com
duihua.org
dumblittleman.com
duoweitimes.com
duping.net
dupola.com
dupola.net
dvorak.org
dw.de
dwnews.com
dy24k.info
dynawebinc.com
dzze.com
eamonnbrennan.com
earthquake.usgs.gov
ebookee.com
echofon.com
ed2k.com
edoors.com
edubridge.com
eeieyoutubeagooglec_121822.php
eevpn.com
efksoft.com
eltondisney.com
emacsblog.org
embr.in
emory.edu
emscripten.org
en.Wikipedia
en.favotter.net
en.tuxero.com
en.wikipedia.org
en.wordpress.com
encrypted.google.com
engineer.net
englishfromengland.co.uk
entermap.com
epochtimes.com
epochtimes.ie
erights.net
eriversoft.com
ernestmandel.org
etaiwannews.com
etizer.org
etools.ncol.com
etraining.gov.tw
eventful.com
everdark.info
evhead.com
exblog.jp
excel.org
exploader.net
eyespirit.info
eyny.com
ezpc.tk
ezpeer.com
f.cl.ly
f.net
facebook.com
facilelogin.com
fail.hk
fakku.net
false.com
falsefire.com
fame.gonzolabs.org
famunion.com
fanfou.de
fanfou.im
fanfou.la
fangbinxing.com
fangeming.com
fanqiangyakexi.net
farwestchina.com
farxian.com
faststone.org
fatduck.org
favorious.com
favstar.fm
faydao.com
fbcdn.net
fc2.com
fc2china.com
feedbooks.mobi
feedproxy.google.com
feeds.arstechnica.com
feeds.boingboing.net
feeds.cbsnews.com
feeds.digg.com
feeds.dzone.com
feeds.feedburner.com
feeds.gawker.com
feeds.howstuffworks.com
feeds.limi.net
feeds.loiclemeur.com
feeds.mobileread.com
feeds.pdfchm.net
feeds.people.com
feeds.reuters.com
feeds.wired.com
feeds2.feedburner.com
feedzshare.com
feer.com
felixcat.net
feministteacher.com
fengzhenghu.com
ff.im
fflick.com
fftogo.com
fgmtv.org
fi.org
filefactory.com
files.wordpress.com
files2me.com
fileserve.com
filesonic.com
fillthesquare.org
findbook.tw
finler.net
fireofliberty.org
firewall.com
firstfivefollowers.com
flagfox.net
flecheinthepeche.fr
fleshbot.com
flickr.com
flickrhivemind.net
flightsimtalk.com
flowerofhappiness.spaces.live.com
fofg.org
fooooo.com
footwiball.com
forum.baby
forum.chinatimes.com
forum.cyberctm.com
forum.idsam.com
forum.iset.com.tw
forum.my903.com
forum.mymaji.com
forum.newsgroup.la
forum.nownews.com
forum.palmislife.com
forum.pchome.com.tw
forum.setty.com.tw
forum.sina.com.hk
forum.slime.com.tw
forum.tvb.com
forum.udn.com
forum.yorkbbs.ca
fotop.net
fourface.nodesnoop.com
foursquare.com
fourthinternational.org
fourwallsandaroof.com
foxdie.us
foxsub.com
foxtang.com
foxtrot.com
franklc.com
freakshare.com
fredwilson.vc
free.com
free.fr
freeciv.org
freedom.net
freedomhouse.org
freegao.com
freegateget.googlepages.com
freelotto.com
freeman2.com
freemoren.com
freemorenews.com
freeoz.org
freessh.us
freewallpaper4.me
freewebs.com
freexinwen.com
friendfeed.com
fring.com
fringenetwork.com
fringespoilers.com
fringetelevision.com
frommel.net
fscked.org
fsurf.com
ftchinese.com
fuckcnnic.net
fuckgfw.com
fuckgfw.org
fulue.com
funp.com
funpea.com
furinkan.com
furl.net
futurechinaforum.org
futureme.org
futuremessage.org
fzh999.com
fzh999.net
ga.net
gabocorp.com
galenwu.com
gamebase.com.tw
gamer.com.tw
gamez.com.tw
gaoming.net
gaopi.net
gappp.org
gardennetworks.com
gardennetworks.org
gartlive.com
gather.com
gaymap.cc
gazotube.com
gb.chinatimes.com
gclooney.com
gdbt.net
gdzf.org
geekerhome.com
geekmade.co.uk
geekmanuals.com
geektang.com
generesis.com
geocities.co.jp
geocities.com
geocities.jp
geohot.com
geohot.us
geometrictools.com
getaround.com
getcloudapp.com
getfreedur.com
getiton.com
getjetso.com
getsmartlinks.com
getsocialscope.com
gfw.org.ua
gfwinterceptor.googlecode.com
gfwlist.googlecode.com
gfwlist.txt
ggssl.com
gigporno.ru
gimpshop.com
ginx.com
github.danmarner.com
givemesomethingtoread.com
glennhilton.com
global.hkepc.com
globalmuseumoncommunism.org
globalvoicesonline.org
gmbd.cn
gmer.net
gmhz.org
gmozomg.izihost.org
go2china8.appspot.com
gold.com
goldwave.com
gongmeng.info
gongminliliang.com
gongwt.com
goo.gl
goodreaders.com
goodreads.com
goofind.com
google.com
google.com.hk
googlesile.com
googlevideo.com
gopetition.com
gotw.ca
gov.tw
govecn.org
gpass1.com
gqueues.com
grandtrial.org
graphis.ne.jp
graphycalc.com
grb.gov.tw
greatfirewall.biz
greatfirewallofchina.net
greatfirewallofchina.org
greatroc.org
greenparty.org.tw
greenvpn.net
groups.google
groups.google.com
gseeker.com
gstatic.com
gtap.googlecode.com
gtkforums.com
gtricks.com
guancha.org
gufeng521.spaces.live.com
guide.com
guomin.us
gutteruncensored.com
gysd.nyc.gov.tw
gzm.tv
h1n1china.org
hacken.cc
hackthatphone.net
hahlo.com
hakkatv.org.tw
hand.info
hanunyi.com
hasaowall.com
haygo.com
hcc.gov.tw
hchcc.gov.tw
hdtvb.net
heartyit.com
hecaitou.net
hechaji.com
heix.pp.ru
heiyo.info
hellonewyork.us
helloqueer.com
hellotxt.com
hellouk.org
help.com
help.linksalpha.com
helpeachpeople.com
hen.bao.li
hengchuen.gov.tw
herbsutter.com
hermit.net
heroku.com
heungkongdiscuss.com
hidecloud.com
hidemyass.com
higfw.com
highrockmedia.com
hihiforum.com
hiitch.com
hiveminds.co.uk
hjclub.info
hk.geocities.com
hk.jiepang.com
hk.knowledge.yahoo.com
hk.myblog.yahoo.com
hk.news.yahoo.com
hk.org
hk.rd.yahoo.com
hk.search.yahoo.com
hk.video.news.yahoo.com
hk.yahoo.com
hk32168.com
hkbf.org
hkdailynews.com.hk
hkday.net
hkej.com
hkepc.com
hkg.westkit.net
hkgolden.com
hkgreenradio.org
hkheadline.com
hkjc.com
hkjp.easyweb.hk
hkjp.org
hkreporter.com
hkzone.org
hnjhj.com
hogbaysoftware.com
holz.byethost8.com
home.so
honeonet.spaces.live.com
hongmeimei.com
hootsuite.com
hoparoundtheglobe.com
hot.com
hotfile.com
hotpot.hk
hotspotshield.com
hougaige.com
house.gov.tw
hqcdp.org
hrichina.org
hrw.org
hsjp.net
ht.ly
htl.li
htmldog.com
htxt.it
huajiadi.spaces.live.com
huanghuagang.org
hudatoriq.web.id
hugoroy.eu
huhaitai.com
hujiachina.spaces.live.com
hulu.com
humanities.uchicago.edu
hunbulin.com
hungerstrikeforaids.org
huping.net
hutianyi.net
hwinfo.com
i2p2.de
i2runner.com
ialmostlaugh.com
ibiblio.org
ibros.org
icanhascheezburger.com
iconpaper.org
identi.ca
idouga.com
idv.tw
ied2k.net
ieemdai.spaces.live.com
ifan.cz.cc
ifanr.com
ifcss.org
igfw.tk
ignitedetroit.net
igorware.com
ihas1337code.com
illusionfactory.com
ilove80.be
im.tv
imageflea.com
imagesblog.gio.gov.tw
imageshack.us
imagevenue.com
imdb.com
img.ly
imkev.com
imlive.com
inc.us
incredibox.fr
index.cfm
index.php
iner.gov.tw
info.51.ca
info.org.tw
inknouveau.com
inmediahk.net
inote.tw
interesting.com
interestinglaugh.com
interfaceaddiction.com
internationalrivers.org
internetfreedom.org
internetpopculture.com
intros.com
ios.wordpress.org
ip.com
iphonehacks.com
iphonix.fr
ipicture.ru
ipobar.com
ippotv.com
ipv6.google.com
ironhelmet.com
ironicsoftware.com
ironpython.net
isaacmao.com
isbnInquiry.asp
isgreat.org
islam.org.hk
ismprofessional.net
isohunt.com
itaboo.info
ithelp.ithome.com.tw
itrc.gov.tw
itunes.apple
itunes.apple.com
itweet.net
iu45.com
iwfwcf.com
izaobao.us
izles.net
jav.com
jayparkinsonmd.com
jeanyim.com
jgoodies.com
jiaoyou8.com
jiehua.cz
jieshibaobao.com
jimoparty.com
jingpin.org
jitouch.com
jkforum.net
joachims.org
jobso.tv
joeedelman.com
jonny.ubuntu
journalofdemocracy.org
jp.com
jpopforum.net
juliereyc.com
junauza.com
justin.tv
justtristan.com
jwmusic.org
jyxf.net
jyzj.waqn.com
k2.xrea.com
kagyuoffice.org.tw
kaiyuan.de
kanzhongguo.com
karayou.com
kathyschwalbe.com
kcsoftwares.com
kechara.com
keepandshare.com
kendalvandyke.com
kendincos.net
kenengba.com
khcc.gov.tw
khms.gov.tw
khmusic.com.tw
kineox.free.fr
kingdom.com
kinghost.com
kingstone.com.tw
kk.gov.tw
klccab.gov.tw
klra.gov.tw
klsio.gov.tw
kmh.gov.tw
kmseh.gov.tw
knol.google.com
knowledgerush.com
kodingen.com
kompozer.net
koolsolutions.com
koornk.com
kt.kcome.org
kui.name
kun.im
kurtmunger.com
kusocity.com
kwongwah.com.my
kzeng.info
laby.jp
labyrinth2.com
ladbrokes.com
lalulalu.com
laogai.org
laomiu.com
laoyang.info
laptoplockdown.com
larsgeorge.com
latelinenews.com
latimesblogs.latimes.com
lawprofessors.typepad.com
leanessays.com
leecheukyan.org
legaltech.law.com
lenwhite.com
lesscss.org
letscorp.net
liansi.org
lianyue.net
liaowangxizang.net
liberal.org.hk
libertytimes.com.tw
lich355.megabyet.net
lidecheng.com
life.fly4ever.me
limera1n.com
limesn0w.com
linglingfa.com
linuxconfig.org
linuxreviews.org
linuxtoy.org
lipuman.com
list.ly
lists.debian.org
lists.w3.org
littlebigdetails.com
liu.lu
liudejun.com
liuhanyu.com
liujianshu.com
liuxiaotong.com
livestation.com
livevideo.com
livingonline.us
lizhizhuangbi.com
lockdown.com
locql.com
log.keso.cn
log.lightory.net
log.riku.me
logbot.net
login.php
logmike.com
london.neighborhoodr.com
longhair.hk
longtermly.net
lookatgame.com
lookingglasstheatre.org
lookpic.com
lovequicksilver.com
lrfz.com
lsd.org.hk
lsforum.net
lungtanhr.gov.tw
luntan.zaobao.com
lupm.org
lvhai.org
lyricsquote.com
m.oulove.org
m.plixi.com
m.slandr.net
m.tweete.net
madebysofa.com
mademoisellerobot.com
madmenunbuttoned.com
magazines.sina.com.tw
maiio.net
mail.diyang.org
makemymood.com
makzhou.warehouse333.com
malaysiakini.com
marco.org
marines.mil
markmail.org
markmilian.com
martau.com
maruta.be
marxist.com
marxist.net
marxists.org
masamixes.com
mash.to
mashable.com
matainja.com
mayimayi.com
mclee.foolme.net
media.com
media.tumblr.com
mediafire.com
meetup.com
megaporn.com
megarotic.com
megaupload.com
megavideo.com
megurineluka.com
meirixiaochao.com
melange.com
meme.yahoo.com
meme2028.appspot.com
memedia.cn
menro.me
mesotw.com
metacafe.com
meteorshowersonline.com
mhradio.org
michaeldehaan.net
michaelmarketl.com
mihk.hk
mihua.org
mike.cz.cc
milazi.com
mimivip.com
minghui.org
mingpao.com
mingpaomonthly.com
mingpaonews.com
mingpaony.com
mingpaosf.com
mingpaotor.com
mingpaovan.com
mini.net
minimalmac.com
mininova.org
minzhuhua.net
minzhuzhongguo.org
miroguide.com
mirror.appspot.com
mirrorbooks.com
mitbbs.com
mixedmedialabs.com
mixero.com
mixx.com
mizzmona.com
mk5000.com
mlcool.com
mmaaxx.com
mmmca.com
mobatek.net
mobile01.com
mobileways.de
moblog.bradleyit.com
moby.to
mobypicture.com
modfetish.com
moe.gov.tw
mog.com
mondex.org
morningsun.org
movabletype.com
moviefap.com
mpettis.com
mpinews.com
mrtweet.com
msguancha.com
mthruf.com
mtw.tl
multiply.com
multiupload.com
muouju.com
music.jwmusic.org
muzi.com
muzi.net
mvdis.gov.tw
mx981.com
my.architexa.com
my.keso.cn
my.opera.com
myaudiocast.com
myav.com.tw
myboooks.googlepages.com
mychinamyhome.com
myeclipseide.com
myforum.com.hk
myforum.com.uk
myfreshnet.com
mymedia.yam.com
mynokiablog.com
mypaper.pchome.com.tw
myparagliding.com
mypopescu.com
myshare.url.com.tw
mysinablog.com
mytwishirt.com
myvlog.im.tv
n.com
n.yam.com
naitik.net
nakido.com
namsisi.com
nandalala.com
nanyangpost.com
naol.ca
naveensrinivasan.com
navicat.com
navigeaters.com
nccwatch.org.tw
ncdr.nat.gov.tw
nch.com.tw
ncn.org
ncree.gov.tw
nekoslovakia.net
nemesis2.qx.net
ner.gov.tw
nerch.gov.tw
nerhl.gov.tw
nertt.gov.tw
nest.appspot.com
net.jp
net.net.tw
net.org
netcolony.com
netme.cc
networkedblogs.com
neverforget8964.org
newcenturymc.com
newcenturynews.com
newchen.com
newgrounds.com
news.atebits.com
news.bbc.co.uk
news.chinatimes.com
news.com
news.ghostery.com
news.google.com.hk
news.gov.tw
news.msn.com.tw
news.pchome.com.tw
news.pts.org.tw
news.sina.com.hk
news.sina.com.tw
news.singtao.ca
news.yam.com
newscn.org
newsforums.bbc.co.uk
newsminer.com
newspeak.cc
newspp.org
newstin.com
newtalk.tw
nextmedia.com
nexttv.com.tw
nf.id.au
ng.org
ngensis.com
ngs2.info
nhri.gov.tw
nic.cz.cc
nici.nat.gov.tw
nicovideo.jp
nicovideo.tw
nict.gov.tw
nighost.org
nintendium.com
njuice.com
nmh.gov.tw
nmmba.gov.tw
nmp.gov.tw
nmtl.gov.tw
nmvttc.gov.tw
nobelprize.org
nobodycanstop.us
nocookie.com
nogoodatcoding.com
nokola.com
noobbox.com
nooidea.com
notes.alexdong.com
novelasia.com
nownews.com
nowtorrents.com
noypf.com
npm.gov.tw
nps.gov
nrk.no
nspo.gov.tw
nstm.gov.tw
ntdmh.gov.tw
ntdtv.com
ntl.gov.tw
ntlk.org
ntsec.gov.tw
ntuh.gov.tw
nuexpo.com
nvquan.org
nvri.gov.tw
nysingtao.com
nzchinese.net.nz
oasisnewsroom.live4ever.us
obmem.com
observechina.net
ogaoga.org
ohloh.net
oikos.com.tw
oiktv.com
oizoblog.com
old.nabble.com
olumpo.com
olympics.html
omgili.com
one.xthost.info
onebigfluke.com
online.com
online.org
onlylady.cn
oopsforum.com
open.com.hk
openid.com
openleaks.org
openwebster.com
opera.com
opnir.com
orn.jp
osfoora.com
ourdearamy.com
oursogo.com
overlapr.com
overstimulate.com
ow.ly
owl.li
ozchinese.com
p2theme.com
pabp.gov.tw
pacificpoker.com
packages.debian.org
page.bid.yahoo.com
page2rss.com
paint.net
palacemoon.com
pandora.com
pandora.tv
panluan.net
panoramio.com
paper.li
paperb.us
parade.com
parislemon.com
party.spaces.live.com
pastebin.ca
pastie.org
patehr.gov.tw
pbs.org
pbwiki.com
pbworks.com
pbxes.com
pbxes.org
pcdiscuss.com
pcgeekblog.com
pcworld.com
pdetails.com
pdk.android.com
peacefire.org
peacehall.com
peach.com
peeasian.com
peerpong.com
pekingduck.org
penchinese.com
penchinese.net
pengyulong.com
penthouse.com
peopo.org
pet.gov.tw
petardas.com
philly.com
photo.utom.us
photofocus.com
photos.dailyme.com
picasaweb.google.com
picidae.net
picturedip.com
picturesocial.com
pidown.com
pign.net
pin6.com
ping.fm
piring.com
pixelbread.com
pixelqi.com
pixnet.net
pk.com
placemix.com
planetsuzy.org
player.org
plays.com.tw
plurk.com
plurktop.mmdays.com
plus.google.com
plus28.com
plusbb.com
plusone.google.com
pmates.com
po2b.com
podictionary.com
pokerstars.com
popularpages.net
popyard.com
popyard.org
porn.com
porn2.com
pornbase.org
pornhub.com
pornrapidshare.com
pornstarclub.com
porntube.com
pornvisit.com
portablesoft.org.ru
portis21.spaces.live.com
pose.com
post.anyu.org
post.ly
postadult.com
posterous.com
power.com
powerapple.com
powercx.com
prasannatech.net
prayforchina.net
premeforwindows7.com
presentationzen.com
president.gov.tw
press.org
privacybox.de
privatepaste.com
project.org
prosiben.de
proxomitron.info
proxy.org
proxypy.appspot.com
proxypy.net
proxyroad.com
prozz.net
psblog.name
psiphon.ca
psiphon.civisec.org
ptt.cc
pub.com
puffstore.com
pullfolio.com
pulse.yahoo.com
pureconcepts.net
purepdf.com
purplera1n.com
putlocker.com
puttycm.free.fr
pwned.com
python.com.tw
python.org
qanote.com
qiang.com
qienkuen.org
qixianglu.cn
qkshare.com
qoos.com
qstatus.com
qtrac.eu
qtweeter.com
quadedge.com
qusi8.net
qvodzy.org
qxbbs.org
radiovaticana.org
rameshsubramanian.org
rangzen.org
ranyunfei.com
rapid.pk
rapidscan.me
rapidshare.com
rapidshare1.com
rapidshare8.com
rapidsharedata.com
rawfoodsos.com
rayfme.com
rayous.com
rcinet.ca
rconversation.blogs.com
read100.com
readingtimes.com.tw
realraptalk.com
recordhistory.org
redtube.com
referer.us
reflectivecode.com
renminbao.com
renyurenquan.org
replika.com
request.py
retweeteffect.com
retweetist.com
retweetrank.com
review.org
revleft.com
revver.com
rfa.org
rfachina.com
rfamobile.org
rfaunplugged.wordpress.com
rfi.fr
rfi.my
riku.me
rileyguide.com
rlwlw.com
robertmao.com
robtex.com
robustnessiskey.com
rocmp.org
ronjoneswriter.com
roodo.com
roosong.cn
rsf.org
rss.berryreview.com
rss.cnn.com
rss.slashdot.org
rssmeme.com
rthk.hk
rthk.org.hk
rti.org.tw
ruanyifeng.com
rubyinstaller.org
rushbee.com
rutube.ru
ruyiseek.com
rxhj.net
s.evernote.com
s.xiaod.in
s1heng.com
sacom.hk
saiq.me
salmiyuck.com
salvation.org.hk
samair.ru
samsal.com
samsoff.es
sandnoble.com
sankaizok.com
sanmin.com.tw
sapikachu.net
savetibet.org
say2.info
scape.com
sci.org
scm.com
scribd.com
seapuff.com
secretchina.com
secretgarden.no
secrets.blacktree.com
secure.wikimedia.org
seeds.com
seesmic.com
seezone.net
sejie.com
semicolonapps.com
sendoid.com
sendspace.com
sesawe.net
sesawe.org
sethwklein.net
sevenload.com
sex.com
sex8.cc
sexandsubmission.com
sexhu.com
sexhuang.com
sexinsex.net
sfileydy.com
sg.wordpress.com
shangfang.org
shapeservices.com
share.com
share.ovi.com
share.skype.com
share.youthwant.com.tw
sharebee.com
sharecool.org
sharkdolphin.com
sharpinsandiego.com
shaunthesheep.com
shell.cjb.net
shenshou.org
shenyunperformingarts.org
shifeike.blog125.fc2blog.net
shinychan.com
shixiao.org
shizhao.org
shkspr.mobi
shwchurch3.com
simple.com
simpleproductivityblog.com
simpletext.ws
singularitys.spaces.live.com
sinoants.com
sinonet.ca
sinopitt.info
site.icu
site.locql.com
site90.net
sitebro.tw
siteks.uk.to
sitemaps.org
sites.google.com
sitetag.us
siyi123123123.spaces.live.com
sjum.cn
skimtube.com
slavasoft.com
slheng.com
slides.html5rocks.com
slideshare.net
slinkset.com
slutload.com
smedio.com
snaptu.com
sneakme.net
snippetsapp.com
sobees.com
soc.mil
socialwhale.com
sod.co.jp
software.com
softwarebychuck.com
sogclub.com
sogrady.me
sokamonline.com
solozorro.tk
songjianjun.com
sopcast.com
soumo.info
soundofhope.org
soup.io
soupofmedia.com
sourceforge.net
sowers.org.hk
spacy.com
spankwire.com
spanvideo.org
spb.com
speckleapp.com
speedpluss.org
spencertipping.com
spiritjb.org
sproutcore.com
squall0629.appspot.com
squarespace.com
srcf.ucam.org
ssbook.com
ssh.com
sshforwarding.com
stag.gov.tw
starp2p.com
start.cs
state.org
state168.com
static.py
static.soup.io
static.tumblr.com
static.typepad.com
stationeria.com
status.twhirl.org
status.twitter.com
stdtime.gov.tw
steveblank.com
sthoo.com
stickam.com
stickeraction.com
stonegames.net
stoneip.info
stoptibetcrisis.net
storagenewsletter.com
storm.com
stoweboyd.com
streamingthe.net
strongvpn.com
student.tw
stuffimreading.com
stuffimreading.net
subacme.rerouted.org
sublexical.spaces.live.com
sugarsync.com
sun.on.cc
sunjidong.net
support.intensedebate.com
sweux.com
syncback.com
syniumsoftware.com
sysadmin1138.net
sysresccd.org
sytes.net
szbbs.net
t.16class.cn
t.co
t.fishnote.net
t.huhaitai.com
t.jiecii.com
t.jteet.com
t.kun.im
t.neolee.cn
t.org
t.orzdream.com
t.sunxun.info
t35.com
t66y.com
tabtter.jp
tacem.org
tagwalk.com
tagxedo.com
taiwandaily.net
taiwankiss.com
taiwannation.50webs.com
taiwantt.org.tw
taiwanyes.ning.com
talk.news.pts.org.tw
talkgadget.google.com
tamiaode.tk
tangben.com
taolun.info
taoyuan.gov.tw
tap11.com
taweet.com
tax.nat.gov.tw
tbpic.info
tchb.gov.tw
tchrd.org
tcno.net
tcsac.gov.tw
teachparentstech.org
team.cc
teamseesmic.com
teashark.com
tech.blog.aknin.name
techlifeweb.com
technorati.com
techparaiso.com
teck.in
telecomspace.com
test.html
testtools.china
thbstc.gov.tw
the8pen.com
theappleblog.com
thebcomplex.com
theblemish.com
thebrigade.com
thechangelog.com
thechinabeat.org
thedailywh.at
thedieline.com
thedw.us
thegatesnotes.com
thehungrydudes.com
theinternetwishlist.com
theiphonewiki.com
thelifeyoucansave.com
thelius.org
thepiratebay.org
thepiratebay.se
theqii.info
thesartorialist.com
thespeeder.com
thesponty.com
thetibetpost.com
thetrotskymovie.com
theultralinx.com
thevivekspot.com
think.spaces.live.com
thisav.com
thisiswhyyouarefat.com
thkphoto.com
thomasbernhard.org
threatchaos.com
throughnightsfire.com
thumbzilla.com
tiananmenmother.org
tiandixing.org
tianhuayuan.com
tiantibooks.org
tianzhu.org
tibet.com
tibet.net
tibet.org.tw
tibetalk.com
tibetanyouthcongress.org
tibetfund.org
tibetonline.tv
tibetwrites.org
tidyread.com
time.com
times.hinet.net
tinypaste.com
tistory.com
tjholowaychuk.com
tkforum.tk
tl.gd
tldp.org
tmi.me
tnaflix.com
tncsec.gov.tw
togetter.com
tomatovpn.keithmoyer.com
tomayko.com
tomsc.com
tonyyan.net
toodoc.com
tools.com
tools.net
toonel.net
topic.youthwant.com.tw
topnews.in
topshare.us
topshareware.com
topstyle4.com
topsy.com
tor.blingblingsquad.net
tor.updatestar.com
tora.to
tornadoweb.org
torproject.org
touch99.com
toutfr.com
tp.vbap.com.au
tpde.aide.gov.tw
tphcc.gov.tw
tpi.org.tw
traderland.net
transgressionism.org
transparentuptime.com
travelinlocal.com
trendsmap.com
trialofccp.org
triangulationblog.com
tripod.com
trustedbi.com
truth101.co.tv
truthcn.com
truveo.com
tsctv.net
tsemtulku.com
tsong.yunxi.net
tsquare.tv
tt1069.net
tttan.com
tuanzt.com
tube.com
tui.orzdream.com
tuidang.net
tuite.googlecode.com
tuite.im
tuite.in
tumblr.awflasher.com
tumblr.com
tumblweed.org
tunein.com
turbobit.net
turbotwitter.com
turningtorso.com
tuxtraining.com
tv.com
tv.net
tvboxnow.com
tvider.com
tvunetworks.com
tw.jiepang.com
tw.myblog.yahoo.com
tw.net
tw.news.yahoo.com
tw.nicovideo.jp
tw.streetvoice.com
tw.voa.mobi
tw.yahoo.com
twa.sh
twapperkeeper.com
twaud.io
twazzup.com
twbbs.net.tw
twbbs.org
twblogger.com
tweepguide.com
tweeplike.me
tweepmag.com
tweepml.org
tweetbackup.com
tweetboard.com
tweetboner.biz
tweetdeck.com
tweete.net
tweetedtimes.com
tweetmeme.com
tweetmylast.fm
tweetphoto.com
tweetrans.com
tweetree.com
tweetswell.com
tweetwally.com
tweetymail.com
twftp.org
twibase.com
twibble.de
twibbon.com
twibes.com
twibs.com
twifan.com
twiffo.com
twiggit.org
twilog.org
twimbow.com
twindexx.com
twip.me
twistar.cc
twisternow.com
twistory.net
twit2d.com
twitbrowser.net
twitcause.com
twitese.appspot.com
twitese.spaces.live.com
twitgether.com
twitgoo.com
twitiq.com
twitlonger.com
twitoaster.com
twitonmsn.com
twitpic.com
twitreferral.com
twitstat.com
twitter.com
twitter.fishnote.net
twitter.jp
twitter.liukangxu.info
twitter.missiu.com
twittercounter.com
twitterfeed.com
twittergadget.appspot.com
twittergadget.com
twitterkr.com
twittermail.com
twittertim.es
twitthat.com
twitturly.com
twitvid.com
twitzap.com
twivert.com
twiyia.com
twreg.info
twstar.net
twt.fm
twt.tl
twtkr.com
twtr2src.ogaoga.org
twttr.com
twurl.nl
twyac.org
tycool.com
tynsoe.org
typepad.com
tzangms.com
ub0.cc
udn.com
ueuo.com
uighurbiz.net
ulike.net
ultravpn.fr
ultraxs.com
ultrevpn.fr
uncyclomedia.org
uncyclopedia.info
unholyknight.com
uni.cc
uniteddaily.com.my
unknownspace.org
uocn.org
upcoming.yahoo.com
upload4u.info
uploaded.to
uploadstation.com
urlborg.com
urlparser.com
us.to
usa.org
usacn.com
usbloadergx.koureio.net
usinfo.state.gov
usmc.mil
ustream.tv
uushare.com
uwants.com
uwants.net
uyghurcongress.org
v.com
v6.facebook.com
v70.us
vaayoo.com
vanemu.cn
vapurl.com
vatn.org
vcfbuilder.org
veempiire.com
ventureswell.com
veoh.com
verizon.net
verybs.com
vft.com.tw
vghks.gov.tw
vghtc.gov.tw
vghtpe.gov.tw
video.aol.ca
video.aol.co.uk
video.aol.com
video.fdbox.com
video.foxbusiness.com
video.google.com
video.tiscali.it
video.yahoo.com
videomo.com
vidoemo.com
vids.myspace.com
viewmorepics.myspace.com
views.fm
viewthread.php
viki.com
vimeo.com
vincnd.com
vinniev.com
visit_page.php
vlog.xuite.net
vmixcore.com
voachineseblog.com
voanews.com
vot.org
vpn.info
w.idaiwan.com
w.sns.ly
waffle1999.com
wahas.com
wai.com
waigaobu.com
waikeung.org
waiwaier.com
wallornot.org
wallpapercasa.com
wanderinghorse.net
wanfang.gov.tw
wangafu.net
wangjinbo.org
wanglixiong.com
wangruoshui.net
wangyi64.spaces.live.com
wapedia.mobi
washeng.net
waterzeong.appspot.com
wattpad.com
wattsupwiththat.com
waveprotocol.org
way.net
wearn.com
web.pts.org.tw
web2project.net
webbang.net
webcache.googleusercontent.com
webfee.org.ru
webfee.tk
webmink.com
webshots.com
websitepulse.com
webupd8.org
webworkerdaily.com
weeewooo.net
week.com
weekmag.info
wefong.com
weigegebyc.dreamhosters.com
weijingsheng.org
welle.de
wellplacedpixels.com
wengewang.com
wengewang.org
wenhui.ch
wenku.com
wenxuecity.com
wenyunchao.com
wenyunchao.spaces.live.com
westca.com
wetpussygames.com
wexiaobo.org
wezhiyong.org
wezone.net
wforum.com
wg1966.com
whatblocked.com
whereiswerner.com
whippedass.com
whitebear.freebearblog.org
whydidyoubuymethat.com
whyx.org
wiki.cnitter.com
wiki.jqueryui.com
wiki.keso.cn
wiki.oauth.net
wiki.phonegap.com
wikileaks.ch
wikileaks.org
wikilivres.info
wikimapia.org
wikimedia.org.mo
wikiwiki.jp
willhains.com
williamlong.jaiku.com
williamlong.spaces.live.com
willw.net
windowsphoneme.com
winwhispers.info
wiredbytes.com
wiredpen.com
wisemapping.org
wisevid.com
witopia.net
wjd.name
wlx.sowiki.net
wo.tc
woeser.com
wofa.us
womenbusiness.nyc.gov.tw
womensrightsofchina.org
woopie.jp
wordboner.com
wordpress.com
wordsandturds.com
worker.forums
world.com
world.de
world.net
worldjournal.com
wormsculptor.com
worstthingieverate.com
wozy.in
wp.com
wp.me
wpoforum.com
wqlhw.com
wqyd.org
wretch.cc
writer.zoho.com
wtfpeople.com
wuala.com
wuerkaixi.com
wufi.org.tw
wujie.net
wukangrui.net
www.20thingsilearned.com
www.3dtin.com
www.6v6dota.com
www.ajsands.com
www.aolnews.com
www.benjamingolub.com
www.blacktree.com
www.buddyrunner.com
www.bulbous.freeserve.co.uk
www.chinesealbumart.com
www.chromium.org
www.clementine
www.cloudgirlfriend.com
www.dailygyan.com
www.debugmode.com
www.dropmocks.com
www.dwheeler.com
www.eulam.com
www.exblog.jp
www.forum4hk.com
www.freetibet.org
www.frienddeck.com
www.getyouram.com
www.gmote.org
www.greasespot.net
www.greenpois0n.com
www.html5rocks.com
www.keithmoyer.com
www.khanacademy.org
www.klip.me
www.kodingen.com
www.linksalpha.com
www.liteapplications.com
www.lockergnome.com
www.loiclemeur.com
www.macrovpn.com
www.metamuse.net
www.miniweather.com
www.modernizr.com
www.modk.it
www.moztw.org
www.mycould.com
www.ned.org
www.notify.io
www.orchidbbs.com
www.owind.com
www.oxid.it
www.playboy.com
www.powerpointninja.com
www.radioaustralia.net.au
www.romeo
www.skulpt.org
www.skype.com
www.socialnmobile.com
www.socialwhois.com
www.somee.com
www.stackfile.com
www.supertweet.net
www.techfob.com
www.tiffanyarment.com
www.tripod.com
www.tumblr.com
www.tv.com
www.typepad.com
www.urbanoutfitters.com
www.vegorpedersen.com
www.virtuousrom.com
www.voy.com
www.vpncup.com
www.wan
www.wangruowang.org
www.wavesandbox.com
www.wet123.com
www.whatbrowser.org
www.wheredoyougo.net
www.zaurus.org.uk
wzyboy.im
x.xcity.jp
x1949x.com
x365x.com
x86.org
xa.yimg.com
xbookcn.com
xcritic.com
xdelta.org
xfm.pp.ru
xh4n.cn
xhamster.com
xiaochuncnjp.com
xiaogaozi.org
xiaohexie.com
xiaoma.org
xiezhua.com
xilou.us
xing.com
xinhuanet.org
xinmiao.com.hk
xinsheng.net
xinshijue.com
xmovies.com
xmusic.fm
xpud.org
xuzhiyong.net
xuzhuoer.com
xvedios.com
xvideos.com
xxbbx.com
xxxx.com.au
xys.dxiong.com
xys.org
xysblogs.org
xzy.org.ru
yahoo.com.hk
yanghengjun.spaces.live.com
yatsen.gov.tw
ydy.com
yeelou.com
yeeyi.com
yegle.net
yezimary.spaces.live.com
yfrog.com
yi.org
yidio.com
yilubbs.com
yipub.com
yogichen.org
yong.hu
yooper.be
youjizz.com
youmaker.com
youpai.org
youporn.com
yousendit.com
youthbao.com
youthnetradio.org
youtu.be
youtube.com
youtubecn.com
youxu.info
ytht.net
ytimg.com
yuanming.net
yue.wikipedia.org
yuming.flnet.org
yunchao.net
yvesgeleyn.com
yvtc.gov.tw
yx51.net
yy.iyatou.com
yyii.org
yzzk.com
zannel.com
zaobao.com
zaobao.com.sg
zaozon.com
zarias.com
zdnet.com.tw
zengjinyan.org
zengjinyan.spaces.live.com
zeutch.com
zh.Wikipedia
zh.m.wikipedia.org
zh.netlog.com
zh.pokerstrategy.com
zh.uncyclopedia.wikia.com
zh.wikibooks.org
zh.wikipedia.org
zh.wikisource.org
zhanbin.net
zhao.jinhai.de
zhenxiang.wordpress.com
zhinengluyou.com
zhiye.org
zhllg.spaces.live.com
zhonggtuotese.net
zhongmeng.org
zhongxing9hao.net.cn
zhreader.com
zhufeng.me
ziddu.com
zkaip.com
zlib.net
zonaeuropa.com
zoozle.net
zshare.net
zuihulu.net
zuo.la
zuola.com
zyzg.us
