0rz.tw
0to255.com
11.com
121822.php
12bet.com
12vpn.com
141hongkong.com
16class.cn
173ng.com
17e.org
1984bbs.com
1984bbs.org
1984blog.com
1bao.org
1free.ws
1pondo.tv
1tor.com
20.net
2000fun.com
20thingsilearned.com
21code.com
247.com
2shared.com
30.php
301works.org
308578.htm
315lz.com
365singles.com.ar
36rain.com
3b8.cc
3dtin.com
3lunch.net
4bluestones.biz
4pppc.gov.tw
4shared.com
4sq.com
50webs.com
51.ca
5i01.com
5maodang.com
64.org
64tianwang.com
666kb.com
6park.com
6v6dota.com
7capture.com
8000.com
881903.com
888.com
9001700.com
921.gov.tw
92ccav.com
98.to
9999cn.com
99bbs.com
9bis.com
9bis.net
9city.me
a5.com.ru
abc.pp.ru
abelhadigital.com
aboluowang.com
aboutgfw.com
aboutus.org
acgkj.com
aculo.us
addictedtocoffee.de
adult168.com
adultfriendfinder.com
advanscene.com
advertfan.com
aec.gov.tw
aegisub.org
aenhancers.com
aftygh.gov.tw
aide.gov.tw
airodump.net
aisex.com
ait.org.tw
aiweiwei.com
aiweiweiblog.com
aiyori.org
ajsands.com
akiba.com
akiraclub.com
alabout.com
aladding.com
alasbarricadas.org
alexdong.com
alexlur.org
algorithms.com
alkasir.com
allaboutalpha.com
allhabit.com
alliance.org.hk
allinfa.com
allinfo.com
alwaysdata.com
alwaysdata.net
ameblo.jp
americangreencard.com
amiblockedornot.com
amnesty.org
amnestyusa.org
amoiist.com
amzs.me
anchorfree.com
andfaraway.net
android.com
angrybirds.com
anobii.com
anonymizer.com
anthonycalzadilla.com
antiwave.net
anyu.org
aol.co.uk
aol.com
aolnews.com
apigee.com
app.diu.li
appbrain.com
apple.com
apple.com.tw
appledaily.com.tw
appspot.com
ar.ch
architexa.com
archive.com
archive.org
archlinux.fr
arctosia.com
arstechnica.com
art.net
arte.gov.tw
artists.com
asdfg.jp
asiademo.org
asiaharvest.org
asianews.it
asianwomensfilm.de
askstudent.com
askynz.net
astonmartinnews.com
async.com
atchinese.com
atebits.com
athico.com
atj.org.tw
atlaspost.com
atnext.com
aurorasoftworks.com
automattic.com
av.com
avidemux.org
avoision.com
avwikipedia.com
awardwinningfjords.com
awflasher.com
axureformac.com
backchina.com
backpackers.com.tw
backup.org
badassjs.com
badimon.com
badoo.com
baidu.jp
bao.li
barnabu.co.uk
basetimesheightdividedby2.com
baywords.com
bbc.co.uk
bbc.in
bbcchinese.com
bbg.gov
bbsfeed.com
bbsland.com
bcc.com.tw
bcchinese.net
bd.zhe.la
bdhr.gov.tw
bebo.com
beijing1989.com
beijingspring.com
belli.com
benjamingolub.com
benjaminste.in
berlintwitterwall.com
berryreview.com
bestforchina.org
bet365.com
betfair.com
bettween.com
bfnn.org
bfsh.hk
bhorowitz.com
bignews.org
bigsound.org
billywr.com
birdhouseapp.com
bitly.com
bitshare.com
bitsnoop.com
bittorrent.com
bjzc.org
bkite.com
blackra1n.com
blacktree.com
blingblingsquad.net
blinkx.com
blip.tv
blockcn.com
blog.kl.am
blogcatalog.com
blogearth.org
blogger.com
blogimg.jp
bloglines.com
blogmaverick.com
blogs.com
blogspot.com
blogtd.net
blogtd.org
bloodshed.net
bloomberg.cn
bloomberg.com
bloomfortune.com
bnrmetal.com
boardreader.com
bobulate.com
bodhilinux.com
boingboing.net
boltbrowser.com
bonjourlesgeeks.com
books.com.tw
bookshelfporn.com
bot.nu
bowenpress.com
box.net
boxcar.io
boxun.com
boxun.tv
boxunblog.com
br.st
bradleyit.com
bralio.com
brandonhutchinson.com
break.com
breakingnewsworld.org
breakingtweets.com
briefdream.com
brightkite.com
brizzly.com
brucewang.net
bt95.com
budaedu.org
buddyrunner.com
bugbeep.com
bugclub.org
bullog.org
bullogger.com
businesstimes.com.cn
businessweek.com
buugaa.com
buzzcantweet.com
buzzurl.jp
byethost8.com
cafepress.com
calameo.com
calebelston.com
canadameet.com
canyu.org
cao.im
caochangqing.com
carry.com
cat.net
catholic.org.hk
cbsnews.com
cc.gov.tw
ccc.de
ccdtr.org
cclife.org
ccthere.com
cctongbao.com
cdjp.org
cdnews.com.tw
cdp1998.org
cdpweb.org
cdpwu.org
cecc.gov
cenci.tk
cenews.eu
centurys.net
chandoo.org
change.org
changp.com
chart.com
chccc.gov.tw
chengmingmag.com
cherrysave.com
chevronwp7.com
china.org
china.php
china101.com
china21.org
chinaaffairs.org
chinaaid.net
chinachannel.hk
chinacomments.org
chinadigitaltimes.net
chinaeweekly.com
chinafreepress.org
chinagfw.org
chinagreenparty.org
chinainperspective.com
chinainperspective.net
chinainperspective.org
chinainterimgov.org
chinamule.com
chinasocialdemocraticparty.com
chinasoul.org
chinatimes.com
chinatweeps.com
chinaway.org
chinaxchina.com
chinayuanmin.org
chinese.org
chinesealbumart.com
chinesen.de
chinesenewsnet.com
chinesepen.org
chinesetalks.net
chingcheong.com
chosun.com
chrispederick.com
chrispederick.net
christianstudy.com
christusrex.org
chromeexperiments.com
chromium.org
chuizi.net
chukuang.gov.tw
citizenlab.org
city9x.com
civicparty.hk
civilhrfront.org
civisec.org
cjb.net
ck101.com
cl.ly
classicalguitarblog.net
clemesha.org
clientsfromhell.net
cloudgirlfriend.com
club.tw
cmule.com
cna.com.tw
cnavista.com.tw
cnd.org
cnitter.com
cnn.com
cnyes.com
cochina.org
cocoawithlove.com
code1984.com
codeboxapp.com
collateralmurder.com
collateralmurder.org
collins.com
comefromchina.com
conoyo.com
controlspace.org
cookingtothegoodlife.com
coolaler.com
coolder.com
coolloud.org.tw
corumcollege.com
cotweet.com
couchdbwiki.com
coveringweb.com
cpj.org
crackle.com
creaders.net
crossthewall.net
csuchen.de
cubicle17.com
cuhkacs.org
cuihua.org
cuiweiping.net
curvefish.com
cwb.gov.tw
cyberctm.com
cycab.gov.tw
cynscribe.com
cytode.us
d0z.net
dabr.co.uk
dadazim.com
dadi360.com
dailidaili.com
dailygyan.com
dailyme.com
dailymotion.com
dailytodo.org
dajiyuan.com
dalailama.com
dalailamaworld.com
dalianmeng.org
danke4china.net
danmarner.com
danwei.org
daolan.net
davidslog.com
davidziegler.net
daxa.cn
day.com
dayabook.com
daylife.com
dayoneapp.com
debian.org
debugmode.com
deck.ly
delcamp.net
delicious.com
democrats.org
desc.se
designerol.com
dev.org
dev102.com
devio.us
df.gov.tw
diaoyuislands.org
digg.com
digitalnomadsproject.org
diigo.com
discuss.com
discuss.com.hk
disp.cc
diyang.org
dizhidizhi.com
dlsite.com
dmtip.gov.tw
docstoc.com
dojin.com
dolc.de
domain.com
dongde.com
dongtaiwang.com
dongtaiwang.net
dongyangjing.com
dontfilter.us
dontmovetochina.com
dotheyfolloweachother.com
dotplane.com
doubleaf.com
doughellmann.com
dougscripts.com
dowei.org
downforeveryoneorjustme.com
download.htm
doxygen.org
dphk.org
dpp.org.tw
drakengren.com
dreamhosters.com
drewolanoff.com
dribbble.com
droidsecurity.com
dropbox.com
dropmocks.com
dtiblog.com
dtiserv2.com
duckload.com
duckmylife.com
duihua.org
dumblittleman.com
duoweitimes.com
duping.net
dupola.com
dupola.net
dvorak.org
dw.de
dwheeler.com
dwnews.com
dxiong.com
dynawebinc.com
dzone.com
dzze.com
eamonnbrennan.com
easyweb.hk
ebookee.com
echofon.com
ecstart.com
ed2k.com
edoors.com
edubridge.com
eevpn.com
efksoft.com
eltondisney.com
emacsblog.org
embr.in
emory.edu
emscripten.org
engadget.com
engineer.net
englishfromengland.co.uk
entermap.com
epochtimes.com
epochtimes.ie
erights.net
eriversoft.com
ernestmandel.org
etail.jsp
etaiwannews.com
etizer.org
etraining.gov.tw
eulam.com
eventful.com
evernote.com
evhead.com
exblog.co.jp
exblog.jp
excel.org
exploader.net
expofutures.com
eyny.com
ezpc.tk
ezpeer.com
facebook.net
facilelogin.com
fail.hk
fakku.net
false.com
falsefire.com
famunion.com
fanfou.de
fanfou.im
fanfou.la
fangbinxing.com
fangeming.com
fanqiangyakexi.net
farwestchina.com
farxian.com
faststone.org
fatduck.org
favorious.com
favotter.net
favstar.fm
faydao.com
fbcdn.net
fc2.com
fc2blog.net
fc2china.com
fdbox.com
fdcn.org
feedburner.com
feedly.com
feedzshare.com
feer.com
felixcat.net
feministteacher.com
fengzhenghu.com
ff.im
fflick.com
fftogo.com
fgmtv.org
fi.org
filefactory.com
files2me.com
fileserve.com
filesonic.com
fillthesquare.org
findbook.tw
finler.net
fireofliberty.org
firewall.com
firstfivefollowers.com
fishnote.net
fizzik.com
flagfox.net
flecheinthepeche.fr
fleshbot.com
flickr.com
flickrhivemind.net
flightsimtalk.com
flnet.org
fly4ever.me
fofg.org
foolme.net
foolsmountain.com
fooooo.com
footwiball.com
forum4hk.com
fotop.net
foursquare.com
fourthinternational.org
fourwallsandaroof.com
foxbusiness.com
foxdie.us
foxsub.com
foxtang.com
foxtrot.com
franklc.com
freakshare.com
fredwilson.vc
free.com
free.fr
freebearblog.org
freeciv.org
freedom.net
freedomhouse.org
freegao.com
freelotto.com
freeman2.com
freemoren.com
freemorenews.com
freeoz.org
freeserve.co.uk
freessh.us
freetibet.org
freewallpaper4.me
freewebs.com
freexinwen.com
frienddeck.com
friendfeed.com
fring.com
fringenetwork.com
fringespoilers.com
fringetelevision.com
frommel.net
fscked.org
fsurf.com
ftchinese.com
fuckcnnic.net
fuckgfw.com
fuckgfw.org
fulue.com
funp.com
funpea.com
furinkan.com
furl.net
futurechinaforum.org
futureme.org
futuremessage.org
fzh999.com
fzh999.net
ga.net
gabocorp.com
galenwu.com
gamebase.com.tw
gamer.com.tw
gamez.com.tw
gaoming.net
gaopi.net
gappp.org
gardennetworks.com
gardennetworks.org
gartlive.com
gatein.org
gather.com
gawker.com
gaymap.cc
gazotube.com
gclooney.com
gdbt.net
gdzf.org
geekerhome.com
geekmade.co.uk
geekmanuals.com
geektang.com
generesis.com
geocities.co.jp
geocities.com
geocities.jp
geohot.com
geohot.us
geometrictools.com
getaround.com
getcloudapp.com
getfreedur.com
getiton.com
getjetso.com
getsmartlinks.com
getsocialscope.com
getyouram.com
gfw.org.ua
gfwlist.txt
ggssl.com
ghostery.com
gigporno.ru
gimpshop.com
ginx.com
gio.gov.tw
givemesomethingtoread.com
glennhilton.com
globalmuseumoncommunism.org
globalvoicesonline.org
gmbd.cn
gmer.net
gmhz.org
gmote.org
go2web20.net
golang.org
gold.com
goldwave.com
gongminliliang.com
gongwt.com
gonzolabs.org
goo.gl
goodreaders.com
goodreads.com
goofind.com
google.com
google.com.hk
google.org
googlecode.com
googlepages.com
googlesile.com
googleusercontent.com
googlevideo.com
gopetition.com
gotw.ca
gov.tw
govecn.org
gowalla.com
gpass1.com
gqueues.com
grandtrial.org
graphis.ne.jp
graphycalc.com
grb.gov.tw
greasespot.net
greatfirewall.biz
greatfirewallofchina.net
greatfirewallofchina.org
greatroc.org
greenparty.org.tw
greenpois0n.com
greenvpn.net
growlforwindows.com
gseeker.com
gstatic.com
gtkforums.com
gtricks.com
guancha.org
guide.com
guomin.us
gutteruncensored.com
gzm.tv
h1n1china.org
hacken.cc
hackthatphone.net
hahlo.com
hakkatv.org.tw
hanunyi.com
hasaowall.com
haygo.com
hcc.gov.tw
hchcc.gov.tw
hdtvb.net
headius.com
heartyit.com
hecaitou.net
hechaji.com
heix.pp.ru
hellonewyork.us
helloqueer.com
hellotxt.com
hellouk.org
help.com
helpeachpeople.com
hen.bao.li
hengchuen.gov.tw
herbsutter.com
hermit.net
heroku.com
heungkongdiscuss.com
heywire.com
hidecloud.com
hidemyass.com
higfw.com
highrockmedia.com
hihiforum.com
hiitch.com
hinet.net
hiveminds.co.uk
hk.org
hk32168.com
hkatvnews.com
hkbf.org
hkdailynews.com.hk
hkday.net
hkej.com
hkepc.com
hkgolden.com
hkgreenradio.org
hkheadline.com
hkjc.com
hkjp.org
hkreporter.com
hkzone.org
hloli.net
hnjhj.com
hogbaysoftware.com
homeip.net
hongmeimei.com
hootsuite.com
hoparoundtheglobe.com
hot.com
hotfile.com
hotot.org
hotpot.hk
hotpotato.com
hotspotshield.com
hougaige.com
house.gov.tw
how.asp
howstuffworks.com
hqcdp.org
hrichina.org
hrw.org
hsjp.net
ht.ly
htl.li
html5rocks.com
htmldog.com
htxt.it
huanghuagang.org
hudatoriq.web.id
hugoroy.eu
huhaitai.com
hulu.com
humanrightsfirst.org
hunbulin.com
hungerstrikeforaids.org
huping.net
hutianyi.net
hwinfo.com
i2p2.de
i2runner.com
ialmostlaugh.com
ibiblio.org
ibros.org
icanhascheezburger.com
icerocket.com
iconpaper.org
idaiwan.com
identi.ca
idouga.com
idsam.com
idv.tw
ied2k.net
ifan.cz.cc
ifanr.com
ifcss.org
ifttt.com
ifuckgfw.com
ig.com.br
igfw.tk
ignitedetroit.net
igorware.com
ihas1337code.com
illusionfactory.com
ilove80.be
im.tv
imageflea.com
imageshack.us
imagevenue.com
imdb.com
img.ly
imkev.com
imlive.com
inc.us
incredibox.fr
index.cfm
index.php
iner.gov.tw
info.org.tw
inknouveau.com
inmediahk.net
inote.tw
instagram.com
instapaper.com
intensedebate.com
interesting.com
interestinglaugh.com
interfaceaddiction.com
internationalrivers.org
internetfreedom.org
internetpopculture.com
intros.com
ip.com
iphonehacks.com
iphonix.fr
ipicture.ru
ipobar.com
ippotv.com
ironhelmet.com
ironicsoftware.com
ironpython.net
isaacmao.com
iset.com.tw
isgreat.org
islam.org.hk
ismprofessional.net
isohunt.com
ithome.com.tw
itrc.gov.tw
itweet.net
iu45.com
iwfwcf.com
iyatou.com
izaobao.us
izihost.org
izles.net
jackjia.com
jaiku.com
jangmt.com
jav.com
jayfields.com
jayparkinsonmd.com
jeanyim.com
jgoodies.com
jiaoyou8.com
jiecii.com
jiehua.cz
jiepang.com
jieshibaobao.com
jimoparty.com
jingpin.org
jinhai.de
jiruan.net
jitouch.com
jkforum.net
joachims.org
jobso.tv
joeedelman.com
joeyrobert.org
joint.net
journalofdemocracy.org
jp.com
jpopforum.net
jqueryui.com
jsquaredjavascript.com
jtbworld.com
jteet.com
juliereyc.com
junauza.com
justin.tv
justtristan.com
jwmusic.org
jyxf.net
kagyuoffice.org.tw
kaiyuan.de
kangye.org
kanzhongguo.com
karayou.com
kathyschwalbe.com
kcome.org
kcsoftwares.com
kechara.com
keepandshare.com
keithmoyer.com
kendalvandyke.com
kendincos.net
kenengba.com
kengao.tw
keso.cn
khanacademy.org
khcc.gov.tw
khms.gov.tw
khmusic.com.tw
kickstarter.com
kimy.com.tw
kingdom.com
kinghost.com
kingstone.com.tw
kk.gov.tw
klccab.gov.tw
klip.me
klra.gov.tw
klsio.gov.tw
kmh.gov.tw
kmseh.gov.tw
knowledgerush.com
kodingen.com
kompozer.net
koolsolutions.com
koornk.com
koureio.net
kun.im
kurtmunger.com
kusocity.com
kwongwah.com.my
laby.jp
labyrinth2.com
ladbrokes.com
lalulalu.com
laogai.org
laomiu.com
laptoplockdown.com
larsgeorge.com
lastpass.com
latelinenews.com
latexlab.org
latimes.com
law.com
leanessays.com
leecheukyan.org
lenwhite.com
lesscss.org
letscorp.net
liansi.org
lianyue.net
liaowangxizang.net
liberal.org.hk
libertytimes.com.tw
lidecheng.com
lightbox.com
lightory.net
limera1n.com
limesn0w.com
limi.net
linglingfa.com
linkedin.com
linksalpha.com
linpie.com
linuxconfig.org
linuxreviews.org
linuxtoy.org
lipuman.com
list.ly
liteapplications.com
littlebigdetails.com
liu.lu
liudejun.com
liuhanyu.com
liujianshu.com
liuxiaotong.com
live.com
live4ever.us
livestation.com
livevideo.com
livingonline.us
lizhizhuangbi.com
lockdown.com
lockergnome.com
locql.com
logbot.net
login.php
logmike.com
loiclemeur.com
longhair.hk
longtermly.net
lookatgame.com
lookingglasstheatre.org
lookpic.com
louisgray.com
lovequicksilver.com
lrfz.com
lsd.org.hk
lsforum.net
lungtanhr.gov.tw
lupm.org
lvhai.org
lyricsquote.com
macrovpn.com
madebysofa.com
mademoisellerobot.com
madmenunbuttoned.com
maiio.net
makemymood.com
malaysiakini.com
marco.org
marines.mil
markmilian.com
martau.com
maruta.be
marxist.com
marxist.net
marxists.org
masamixes.com
mash.to
mashable.com
matainja.com
mayimayi.com
media.com
mediafire.com
meetup.com
megabyet.net
megaporn.com
megarotic.com
megaupload.com
megavideo.com
megurineluka.com
meirixiaochao.com
melange.com
memedia.cn
menro.me
mesotw.com
metacafe.com
metamuse.net
metasploit.com
meteorshowersonline.com
mhradio.org
michaeldehaan.net
michaelmarketl.com
mihk.hk
mihua.org
mike.cz.cc
milazi.com
mimivip.com
minghui.org
mingpao.com
mingpaomonthly.com
mingpaonews.com
mingpaony.com
mingpaosf.com
mingpaotor.com
mingpaovan.com
mini.net
minimalmac.com
mininova.org
miniweather.com
minzhuhua.net
minzhuzhongguo.org
miroguide.com
mirrorbooks.com
missiu.com
mitbbs.com
mixedmedialabs.com
mixero.com
mixx.com
mizzmona.com
mk5000.com
mlcool.com
mmaaxx.com
mmdays.com
mmmca.com
mobatek.net
mobile01.com
mobileread.com
mobileways.de
moby.to
mobypicture.com
modernizr.com
modfetish.com
modk.it
moe.gov.tw
mog.com
mondex.org
mongodb.org
mooo.com
morbell.com
morningsun.org
movabletype.com
moviefap.com
moztw.org
mpettis.com
mpinews.com
mrtweet.com
msguancha.com
msn.com.tw
mthruf.com
mtw.tl
multiply.com
multiupload.com
muouju.com
muzi.com
muzi.net
mvdis.gov.tw
mx981.com
my903.com
myaudiocast.com
myav.com.tw
mychat.to
mychinamyhome.com
mycould.com
myeclipseide.com
myforum.com.hk
myforum.com.uk
myfreshnet.com
mymaji.com
mynokiablog.com
myparagliding.com
mypopescu.com
mysinablog.com
myspace.com
mytwishirt.com
myvlog.im.tv
nabble.com
naitik.net
nakido.com
namsisi.com
nandalala.com
nanyangpost.com
naol.ca
nat.gov.tw
natado.com
natimes.com
naveensrinivasan.com
navicat.com
navigeaters.com
nccwatch.org.tw
nch.com.tw
ncn.org
ncol.com
ncree.gov.tw
ned.org
neighborhoodr.com
nekoslovakia.net
neolee.cn
ner.gov.tw
nerch.gov.tw
nerhl.gov.tw
nertt.gov.tw
net.jp
net.net.tw
net.org
netcolony.com
netfirms.com
netflix.com
netlog.com
netme.cc
networkedblogs.com
neverforget8964.org
newcenturymc.com
newcenturynews.com
newchen.com
newgrounds.com
news.chi
news.com
news.gov.tw
newscn.org
newsgroup.la
newsminer.com
newspeak.cc
newspp.org
newstin.com
newtalk.tw
nextmedia.com
nexttv.com.tw
nf.id.au
ng.org
ngensis.com
nhri.gov.tw
nic.cz.cc
nicovideo.jp
nicovideo.tw
nict.gov.tw
nighost.org
nihilogic.dk
ning.com
nintendium.com
njuice.com
nmh.gov.tw
nmmba.gov.tw
nmp.gov.tw
nmtl.gov.tw
nmvttc.gov.tw
nobelprize.org
nobodycanstop.us
nocookie.com
nodesnoop.com
nogoodatcoding.com
nokola.com
noobbox.com
nooidea.com
notdot.net
notify.io
novelasia.com
nownews.com
nowtorrents.com
noypf.com
npm.gov.tw
nps.gov
nquiry.asp
nrk.no
nspo.gov.tw
nstm.gov.tw
nsysu.edu.tw
ntdmh.gov.tw
ntdtv.com
ntl.gov.tw
ntlk.org
ntsec.gov.tw
ntu.edu.tw
ntuh.gov.tw
nuexpo.com
nvquan.org
nvri.gov.tw
nyc.gov.tw
nysingtao.com
nzchinese.net.nz
oauth.net
obmem.com
observechina.net
obvious.com
ogaoga.org
ohloh.net
oikos.com.tw
oiktv.com
oizoblog.com
olumpo.com
olympics.htm
omgili.com
onebigfluke.com
online.com
online.org
onlylady.cn
oopsforum.com
open.com.hk
openid.com
openinkpot.org
openleaks.org
openwebster.com
opera.com
opnir.com
orchidbbs.com
orn.jp
orzdream.com
osfoora.com
oulove.org
ourdearamy.com
oursogo.com
overlapr.com
overstimulate.com
ovi.com
ow.ly
owind.com
owl.li
oxid.it
ozchinese.com
p2theme.com
pabp.gov.tw
pacificpoker.com
page.php
page2rss.com
paint.net
palacemoon.com
palm.com
palmislife.com
pandora.com
pandora.tv
panluan.net
panoramio.com
paper.li
paperb.us
parade.com
parislemon.com
pastebin.ca
pastie.org
patehr.gov.tw
path.com
pathtosharepoint.com
pbs.org
pbwiki.com
pbworks.com
pbxes.com
pbxes.org
pcdiscuss.com
pcgeekblog.com
pchome.com.tw
pcworld.com
pdetails.com
pdfchm.net
peacefire.org
peacehall.com
peach.com
peeasian.com
peerpong.com
pekingduck.org
penchinese.com
penchinese.net
pengyulong.com
pentalogic.net
penthouse.com
people.com
peopo.org
pet.gov.tw
petardas.com
philly.com
phonegap.com
photofocus.com
picidae.net
picturedip.com
picturesocial.com
pidown.com
pign.net
pikchur.com
pilotmoon.com
pin6.com
ping.fm
piring.com
pixelbread.com
pixelpipe.com
pixelqi.com
pixnet.in
pixnet.net
pk.com
placemix.com
planetsuzy.org
plantsvszombies.com
playboy.com
player.org
plays.com.tw
plixi.com
plurk.com
plus28.com
plusbb.com
pmates.com
po2b.com
podictionary.com
pokerstars.com
pokerstrategy.com
polldaddy.com
popularpages.net
popyard.com
popyard.org
porn.com
porn2.com
pornbase.org
pornhub.com
pornrapidshare.com
pornstarclub.com
porntube.com
pornvisit.com
portablesoft.org.ru
pose.com
post.ly
postadult.com
posterous.com
power.com
powerapple.com
powercx.com
powerpointninja.com
prasannatech.net
prayforchina.net
premeforwindows7.com
presentationzen.com
president.gov.tw
press.org
privacybox.de
privatepaste.com
project.org
prosiben.de
proxlet.com
proxy.org
proxypy.net
proxyroad.com
prozz.net
psiphon.ca
pts.org.tw
ptt.cc
pub.com
puffstore.com
pullfolio.com
pureconcepts.net
purepdf.com
purplera1n.com
putlocker.com
pwned.com
python.com.tw
qanote.com
qiang.com
qienkuen.org
qixianglu.cn
qkshare.com
qmzdd.com
qoos.com
qstatus.com
qtrac.eu
qtweeter.com
quadedge.com
qusi8.net
qvodzy.org
qxbbs.org
radiovaticana.org
rameshsubramanian.org
rangzen.org
ranyunfei.com
rapid.pk
rapidscan.me
rapidshare.com
rapidshare1.com
rapidshare8.com
rapidsharedata.com
rawfoodsos.com
rayfme.com
rayous.com
rcinet.ca
read100.com
readingtimes.com.tw
realraptalk.com
recordhistory.org
reddit.com
redren.com
redtube.com
referer.us
reflectivecode.com
renanse.com
renminbao.com
renyurenquan.org
replika.com
rerouted.org
retweeteffect.com
retweetist.com
retweetrank.com
reuters.com
review.org
revleft.com
revver.com
rfa.org
rfachina.com
rfamobile.org
rfi.fr
rfi.my
riku.me
rileyguide.com
rlwlw.com
robertmao.com
robtex.com
robustnessiskey.com
rockmelt.com
rocmp.org
romanandreg.com
ronjoneswriter.com
roodo.com
roosong.cn
rsf.org
rssmeme.com
rthk.hk
rthk.org.hk
rti.org.tw
ruanyifeng.com
rubyinstaller.org
rushbee.com
rutube.ru
ruyiseek.com
rxhj.net
s135.com
s1heng.com
sacom.hk
saiq.me
salmiyuck.com
salvation.org.hk
samair.ru
samsal.com
samsoff.es
sandnoble.com
sankaizok.com
sanmin.com.tw
sapikachu.net
savetibet.org
scape.com
sci.org
scm.com
scribd.com
seapuff.com
search.com
secretchina.com
secretgarden.no
secureserver.net
seeds.com
seeminglee.com
seesmic.com
seezone.net
sejie.com
semicolonapps.com
sendoid.com
sendspace.com
sesawe.net
sesawe.org
sethwklein.net
setty.com.tw
sevenload.com
sex.com
sex8.cc
sexandsubmission.com
sexhu.com
sexhuang.com
sexinsex.net
sfileydy.com
sflow.com
shangfang.org
shapeservices.com
share.com
sharebee.com
sharecool.org
sharkdolphin.com
sharpinsandiego.com
shaunthesheep.com
shenshou.org
shenyunperformingarts.org
shinychan.com
shixiao.org
shizhao.org
shvoong.com
shwchurch3.com
sigfpe.com
simple.com
simpleproductivityblog.com
simpletext.ws
sina.com
sina.com.hk
sina.com.tw
singtao.ca
sinica.edu.tw
sinoants.com
sinonet.ca
site90.net
sitebro.tw
siteks.uk.to
sitemaps.org
sitetag.us
sjum.cn
skimtube.com
skulpt.org
skykiwi.com
skype.com
slandr.net
slashdot.org
slavasoft.com
slheng.com
slideshare.net
slime.com.tw
slinkset.com
slutload.com
smedio.com
snaptu.com
sneakme.net
snippetsapp.com
sns.ly
sobees.com
soc.mil
socialnmobile.com
socialwhale.com
socialwhois.com
sod.co.jp
software.com
softwarebychuck.com
sogclub.com
sogoo.org
sogrady.me
soifind.com
sokamonline.com
solozorro.tk
somee.com
songjianjun.com
sopcast.com
soundofhope.org
soup.io
soupofmedia.com
sourceforge.net
sowers.org.hk
sowiki.net
spacy.com
spankwire.com
spanvideo.org
sparrowmailapp.com
spb.com
speckleapp.com
speedpluss.org
spencertipping.com
spiritjb.org
sproutcore.com
squarespace.com
ssbook.com
ssh.com
sshforwarding.com
stackfile.com
stag.gov.tw
starp2p.com
state.gov
state.org
state168.com
stationeria.com
stdtime.gov.tw
steveblank.com
sthoo.com
stickam.com
stickeraction.com
stonegames.net
stoptibetcrisis.net
storagenewsletter.com
storm.com
stoweboyd.com
streamingthe.net
streetvoice.com
strongvpn.com
student.tw
stuffimreading.com
stuffimreading.net
sufeng.org
sugarsync.com
summify.com
sun.on.cc
sunjidong.net
supertweet.net
sweux.com
symbian.org
syncback.com
syniumsoftware.com
sysadmin1138.net
sysresccd.org
sytes.net
syx86.cn
syx86.com
szbbs.net
t35.com
t66y.com
tabtter.jp
tacem.org
tagwalk.com
tagxedo.com
taiwandaily.net
taiwankiss.com
taiwantt.org.tw
tamiaode.tk
tampabay.com
tangben.com
taoyuan.gov.tw
tap11.com
taragana.com
tatoeba.org
taweet.com
tchb.gov.tw
tchrd.org
tcsac.gov.tw
teachparentstech.org
team.cc
teamseesmic.com
teashark.com
techfob.com
techlifeweb.com
technorati.com
techparaiso.com
teck.in
telecomspace.com
test.htm
testtools.chi
thbstc.gov.tw
the8pen.com
theappleblog.com
thebcomplex.com
theblemish.com
thebrigade.com
thechangelog.com
thechinabeat.org
thedailywh.at
thedieline.com
thedw.us
thegatesnotes.com
thehungrydudes.com
theinternetwishlist.com
theiphonewiki.com
thelifeyoucansave.com
thelius.org
thepiratebay.org
thepiratebay.se
thesartorialist.com
thesilentnumber.me
thespeeder.com
thesponty.com
thetibetpost.com
thetrotskymovie.com
theultralinx.com
thevivekspot.com
thinglabs.com
thisav.com
thisiswhyyouarefat.com
thkphoto.com
thomasbernhard.org
threatchaos.com
throughnightsfire.com
thumbzilla.com
tiananmenmother.org
tiandixing.org
tianhuayuan.com
tiantibooks.org
tianzhu.org
tibet.com
tibet.net
tibet.org.tw
tibetalk.com
tibetanyouthcongress.org
tibetfund.org
tibetonline.tv
tibetwrites.org
tidyread.com
tiffanyarment.com
time.com
tiney.com
tinypaste.com
tinypic.com
tiscali.it
tistory.com
tjholowaychuk.com
tkforum.tk
tl.gd
tldp.org
tmi.me
tnaflix.com
tncsec.gov.tw
togetter.com
tomayko.com
tomsc.com
tonyyan.net
toodoc.com
tools.com
tools.net
toonel.net
topify.com
topnews.in
topshare.us
topshareware.com
topstyle4.com
topsy.com
tora.to
tornadoweb.org
torproject.org
touch99.com
toutfr.com
tphcc.gov.tw
tpi.org.tw
traderland.net
transgressionism.org
transparentuptime.com
travelinlocal.com
trendsmap.com
trialofccp.org
triangulationblog.com
tripod.com
trustedbi.com
truth101.co.tv
truthcn.com
truveo.com
tsctv.net
tsemtulku.com
tsquare.tv
tsunanet.net
tt1069.net
tttan.com
ttv.com.tw
tuanzt.com
tube.com
tuidang.net
tuite.im
tuite.in
tumblr.com
tumblweed.org
tunein.com
turbobit.net
turbotwitter.com
turningtorso.com
tuxero.com
tuxtraining.com
tv.com
tv.net
tvb.com
tvboxnow.com
tvider.com
tvunetworks.com
tw.net
twa.sh
twapperkeeper.com
twaud.io
twazzup.com
twbbs.net.tw
twbbs.org
twblogger.com
tweepguide.com
tweeplike.me
tweepmag.com
tweepml.org
tweetbackup.com
tweetboard.com
tweetboner.biz
tweetdeck.com
tweete.net
tweetedtimes.com
tweetmeme.com
tweetmylast.fm
tweetphoto.com
tweetrans.com
tweetree.com
tweetswell.com
tweetwally.com
tweetymail.com
twftp.org
twgg.org
twhirl.org
twibase.com
twibble.de
twibbon.com
twibes.com
twibs.com
twifan.com
twiffo.com
twiggit.org
twilio.com
twilog.org
twimbow.com
twindexx.com
twip.me
twistar.cc
twisternow.com
twistory.net
twit2d.com
twitbrowser.net
twitcause.com
twitgether.com
twitgoo.com
twitiq.com
twitlonger.com
twitoaster.com
twitonmsn.com
twitpic.com
twitreferral.com
twitstat.com
twitter.com
twitter.jp
twittercounter.com
twitterfeed.com
twittergadget.com
twitterkr.com
twittermail.com
twittertim.es
twitthat.com
twitturly.com
twitvid.com
twitzap.com
twivert.com
twiyia.com
twstar.net
twt.fm
twt.tl
twtkr.com
twttr.com
twurl.nl
twyac.org
tycool.com
tynsoe.org
typekit.com
typepad.com
tzangms.com
ub0.cc
ucam.org
uchicago.edu
udn.com
ueuo.com
uighurbiz.net
ulike.net
ultravpn.fr
ultraxs.com
ultrevpn.fr
umonkey.net
uncyclomedia.org
unholyknight.com
uni.cc
uniteddaily.com.my
unknownspace.org
uocn.org
updatestar.com
uploaded.to
uploadstation.com
urbanoutfitters.com
url.com.tw
urlborg.com
urlparser.com
us.to
usa.gov
usa.org
usacn.com
usejump.com
usgs.gov
usmc.mil
ustream.tv
utom.us
uushare.com
uwants.com
uwants.net
uyghurcongress.org
v70.us
vaayoo.com
vanemu.cn
vapurl.com
vatn.org
vbap.com.au
vcfbuilder.org
veempiire.com
vegorpedersen.com
ventureswell.com
veoh.com
verizon.net
verybs.com
vft.com.tw
vghks.gov.tw
vghtc.gov.tw
vghtpe.gov.tw
video.aol.ca
videomo.com
vidoemo.com
views.fm
viewthread.php
viki.com
vimeo.com
vincnd.com
vinniev.com
virtuousrom.com
visibotech.com
vmixcore.com
voachineseblog.com
voanews.com
vot.org
voy.com
vpncup.com
w3.org
waffle1999.com
wahas.com
wai.com
waigaobu.com
waikeung.org
waiwaier.com
wakoopa.com
wallornot.org
wallpapercasa.com
wanderinghorse.net
wanfang.gov.tw
wangafu.net
wangjinbo.org
wanglixiong.com
wangruoshui.net
wangruowang.org
waqn.com
warehouse333.com
washeng.net
wattpad.com
wattsupwiththat.com
waveprotocol.org
wavesandbox.com
way.net
wearn.com
web2project.net
webbang.net
webfee.org.ru
webfee.tk
webmink.com
webmproject.org
webshots.com
websitepulse.com
webupd8.org
webworkerdaily.com
weeewooo.net
week.com
wefong.com
weijingsheng.org
welle.de
wellplacedpixels.com
wengewang.com
wengewang.org
wenhui.ch
wenku.com
wenxuecity.com
wenyunchao.com
westca.com
westkit.net
wet123.com
wetpussygames.com
wexiaobo.org
wezhiyong.org
wezone.net
wforum.com
wg1966.com
whatblocked.com
whatbrowser.org
wheredoyougo.net
whereiswerner.com
whippedass.com
whydidyoubuymethat.com
whyx.org
wikia.com
wikileaks.ch
wikileaks.org
wikimapia.org
wikimedia.org
wikimedia.org.mo
wikipedia.org
wikisource.org
wikiwiki.jp
willhains.com
willw.net
windowsphoneme.com
wired.com
wiredbytes.com
wiredpen.com
wisemapping.org
wisevid.com
witopia.net
wo.tc
woeser.com
wofa.us
womensrightsofchina.org
woopie.jp
wordboner.com
wordpress.com
wordpress.org
wordsandturds.com
world.com
world.de
world.net
worldjournal.com
wormsculptor.com
worstthingieverate.com
wozy.in
wp.com
wp.me
wpoforum.com
wqlhw.com
wqyd.org
wretch.cc
wsj.com
wtfpeople.com
wuala.com
wuerkaixi.com
wufi.org.tw
wujie.net
wukangrui.net
wundercounter.com
wzyboy.im
x1949x.com
x365x.com
x86.org
xbookcn.com
xcity.jp
xcritic.com
xdelta.org
xfiles.to
xfm.pp.ru
xh4n.cn
xhamster.com
xiaochuncnjp.com
xiaod.in
xiaogaozi.org
xiaohexie.com
xiaoma.org
xiezhua.com
xilou.us
xing.com
xinhuanet.org
xinmiao.com.hk
xinsheng.net
xinshijue.com
xmovies.com
xmusic.fm
xpud.org
xrea.com
xuite.net
xuzhiyong.net
xuzhuoer.com
xvedios.com
xvideos.com
xxbbx.com
xxxx.com.au
xys.org
xysblogs.org
xzy.org.ru
yahoo.co.jp
yahoo.com
yahoo.com.hk
yahoo.com.tw
yam.com
yatsen.gov.tw
ydy.com
yeelou.com
yeeyi.com
yegle.net
yfrog.com
yi.org
yidio.com
yilubbs.com
yimg.com
yipub.com
yogichen.org
yong.hu
yooper.be
yorkbbs.ca
youjizz.com
youmaker.com
youpai.org
youporn.com
yousendit.com
youthbao.com
youthnetradio.org
youthwant.com.tw
youtu.be
youtube.com
youtubecn.com
ytht.net
ytimg.com
yuanming.net
yunchao.net
yunxi.net
yvesgeleyn.com
yvtc.gov.tw
yx51.net
yyii.org
yzzk.com
zannel.com
zaobao.com
zaobao.com.sg
zaozon.com
zarias.com
zaurus.org.uk
zdnet.com.tw
zengjinyan.org
zeutch.com
zhanbin.net
zhinengluyou.com
zhiye.org
zhong.pp.ru
zhonggtuotese.net
zhongmeng.org
zhongxing9hao.net.cn
zhreader.com
zhufeng.me
ziddu.com
zkaip.com
zlib.net
zoho.com
zonaeuropa.com
zonble.net
zoozle.net
zshare.net
zuihulu.net
zuo.la
zuola.com
zyzg.us
